../Drivers/BSP/devices/stm32l476g_discovery.c:274:10:BSP_GetVersion	4	static
../Drivers/BSP/devices/stm32l476g_discovery.c:286:20:BSP_SupplyModeDetection	40	static
../Drivers/BSP/devices/stm32l476g_discovery.c:334:6:BSP_LED_Init	48	static
../Drivers/BSP/devices/stm32l476g_discovery.c:371:6:BSP_LED_DeInit	24	static
../Drivers/BSP/devices/stm32l476g_discovery.c:398:6:BSP_LED_On	16	static
../Drivers/BSP/devices/stm32l476g_discovery.c:422:6:BSP_LED_Off	16	static
../Drivers/BSP/devices/stm32l476g_discovery.c:446:6:BSP_LED_Toggle	16	static
../Drivers/BSP/devices/stm32l476g_discovery.c:460:9:BSP_JOY_Init	64	static
../Drivers/BSP/devices/stm32l476g_discovery.c:500:6:BSP_JOY_DeInit	32	static
../Drivers/BSP/devices/stm32l476g_discovery.c:525:18:BSP_JOY_GetState	16	static
../Drivers/BSP/devices/stm32l476g_discovery.c:559:13:SPIx_Init	8	static
../Drivers/BSP/devices/stm32l476g_discovery.c:592:13:SPIx_MspInit	48	static
../Drivers/BSP/devices/stm32l476g_discovery.c:615:6:SPIx_DeInit	8	static
../Drivers/BSP/devices/stm32l476g_discovery.c:629:13:SPIx_MspDeInit	16	static
../Drivers/BSP/devices/stm32l476g_discovery.c:650:16:SPIx_WriteRead	24	static
../Drivers/BSP/devices/stm32l476g_discovery.c:680:13:SPIx_Write	16	static
../Drivers/BSP/devices/stm32l476g_discovery.c:704:16:SPIx_Read	16	static,ignoring_inline_asm
../Drivers/BSP/devices/stm32l476g_discovery.c:1154:6:ACCELERO_IO_Init	32	static
../Drivers/BSP/devices/stm32l476g_discovery.c:1176:6:ACCELERO_IO_DeInit	32	static
../Drivers/BSP/devices/stm32l476g_discovery.c:1199:6:ACCELERO_IO_ITConfig	4	static
../Drivers/BSP/devices/stm32l476g_discovery.c:1209:6:ACCELERO_IO_Write	16	static
../Drivers/BSP/devices/stm32l476g_discovery.c:1224:9:ACCELERO_IO_Read	24	static
../Drivers/BSP/devices/stm32l476g_discovery.c:1241:6:MAGNETO_IO_Init	32	static
../Drivers/BSP/devices/stm32l476g_discovery.c:1263:6:MAGNETO_IO_DeInit	32	static
../Drivers/BSP/devices/stm32l476g_discovery.c:1291:6:MAGNETO_IO_Write	16	static
../Drivers/BSP/devices/stm32l476g_discovery.c:1306:9:MAGNETO_IO_Read	24	static
../Drivers/BSP/devices/stm32l476g_discovery.c:1322:6:GYRO_IO_Init	48	static
../Drivers/BSP/devices/stm32l476g_discovery.c:1386:6:GYRO_IO_DeInit	40	static
../Drivers/BSP/devices/stm32l476g_discovery.c:1419:6:GYRO_IO_Write	16	static
../Drivers/BSP/devices/stm32l476g_discovery.c:1455:6:GYRO_IO_Read	16	static
